≡ƒÜÇ Starting BBPS Bill Fetch Test...

≡ƒöÉ Step 1: Logging in...
Γ£à Login successful! Token: eyJhbGciOiJIUzI1NiIs...

≡ƒÆ│ Step 2: Fetching credit card bill...
node.exe : 
At line:1 char:1
+ & "C:\Program Files\nodejs/node.exe" "C:\Program Files\nodejs/node_mo ...
+ ~~~~~~~~~~~~~~~~~~~~~~~~~~~~~~~~~~~~~~~~~~~~~~~~~~~~~~~~~~~~~~~~~~~~~
    + CategoryInfo          : NotSpecified: (:String) [], RemoteException
    + FullyQualifiedErrorId : NativeCommandError
 
Γ¥î Error: Request failed with status code 500
Response Status: 500
Response Data: {
  "success": false,
  "error": "Invalid response from BBPS"
}
